23:10:55 **** Incremental Build of configuration Debug for project Antenna_tracking_motor ****
make -j16 all 
arm-none-eabi-gcc "../Core/Src/main.c" -mcpu=cortex-m33 -std=gnu11 -g3 -DDEBUG -DUSE_FULL_LL_DRIVER -DUSE_HAL_DRIVER -DSTM32L552xx -c -I../Core/Inc -I../Drivers/STM32L5xx_HAL_Driver/Inc -I../Drivers/STM32L5xx_HAL_Driver/Inc/Legacy -I../Drivers/CMSIS/Device/ST/STM32L5xx/Include -I../Drivers/CMSIS/Include -O0 -ffunction-sections -fdata-sections -Wall -fstack-usage -MMD -MP -MF"Core/Src/main.d" -MT"Core/Src/main.o" --specs=nano.specs -mfpu=fpv5-sp-d16 -mfloat-abi=hard -mthumb -o "Core/Src/main.o"
arm-none-eabi-gcc -o "Antenna_tracking_motor.elf" @"objects.list"   -mcpu=cortex-m33 -T"C:\Users\linyu\kitchen-sinks\Antenna_tracking_motor\STM32L552ZETXQ_FLASH.ld" --specs=nosys.specs -Wl,-Map="Antenna_tracking_motor.map" -Wl,--gc-sections -static --specs=nano.specs -mfpu=fpv5-sp-d16 -mfloat-abi=hard -mthumb -Wl,--start-group -lc -lm -Wl,--end-group
Finished building target: Antenna_tracking_motor.elf
 
arm-none-eabi-size   Antenna_tracking_motor.elf 
arm-none-eabi-objdump -h -S  Antenna_tracking_motor.elf  > "Antenna_tracking_motor.list"
   text	   data	    bss	    dec	    hex	filename
  29160	     20	   2692	  31872	   7c80	Antenna_tracking_motor.elf
Finished building: default.size.stdout
 
Finished building: Antenna_tracking_motor.list
 

23:10:56 Build Finished. 0 errors, 0 warnings. (took 1s.298ms)

