20:30:14 **** Incremental Build of configuration Debug for project PPM Generation ****
make -j16 all 
arm-none-eabi-gcc "../Core/Src/main.c" -mcpu=cortex-m33 -std=gnu11 -g3 -DDEBUG -DUSE_FULL_LL_DRIVER -DUSE_HAL_DRIVER -DSTM32L552xx -c -I../Core/Inc -I../Drivers/STM32L5xx_HAL_Driver/Inc -I../Drivers/STM32L5xx_HAL_Driver/Inc/Legacy -I../Drivers/CMSIS/Device/ST/STM32L5xx/Include -I../Drivers/CMSIS/Include -O0 -ffunction-sections -fdata-sections -Wall -fstack-usage -MMD -MP -MF"Core/Src/main.d" -MT"Core/Src/main.o" --specs=nano.specs -mfpu=fpv5-sp-d16 -mfloat-abi=hard -mthumb -o "Core/Src/main.o"
arm-none-eabi-gcc -o "PPM Generation.elf" @"objects.list"   -mcpu=cortex-m33 -T"C:\Users\linyu\kitchen-sinks\PPM Generation\STM32L552ZETXQ_FLASH.ld" --specs=nosys.specs -Wl,-Map="PPM Generation.map" -Wl,--gc-sections -static --specs=nano.specs -mfpu=fpv5-sp-d16 -mfloat-abi=hard -mthumb -Wl,--start-group -lc -lm -Wl,--end-group
Finished building target: PPM Generation.elf
 
arm-none-eabi-size   PPM\ Generation.elf 
arm-none-eabi-objdump -h -S  PPM\ Generation.elf  > "PPM Generation.list"
   text	   data	    bss	    dec	    hex	filename
  25768	     20	   2692	  28480	   6f40	PPM Generation.elf
Finished building: default.size.stdout
 
Finished building: PPM Generation.list
 

20:30:15 Build Finished. 0 errors, 0 warnings. (took 1s.52ms)

